Introduce (Next) Number 0 : Introduce (Next) Number 1 : Introduce (Next) Number 2 : Introduce (Next) Number 3 : Introduce (Next) Number 4 : Introduce (Next) Number 5 : Introduce (Next) Number 6 : Introduce (Next) Number 7 : 

MSSP Result Is: 11 

